// Jest Snapshot v1, https://goo.gl/fbAQLP

exports[`button snap 1`] = `
<div>
  <div>
    <button>
      click me
    </button>
  </div>
</div>
`;
